Time slot   0
ld_routine
	Loaded a process at input/proc/p0s, PID: 1 PRIO: 0
Time slot   1
	CPU 1: Dispatched process  1
	Loaded a process at input/proc/p1s, PID: 2 PRIO: 15
Time slot   2
	CPU 0: Dispatched process  2
liballoc:183
Starting address: 0
print_pgtbl:
 PDG=0 P4g=0 PUD=0 PMD=0 PT=0 PTE=80000000
Time slot   3
liballoc:183
Starting address: 300
	Loaded a process at input/proc/p1s, PID: 3 PRIO: 0
Time slot   4
libfree:213
Starting address: 0
print_pgtbl:
 PDG=0 P4g=0 PUD=0 PMD=0 PT=0 PTE=80000000
Time slot   5
liballoc:183
Starting address: 0
print_pgtbl:
 PDG=0 P4g=0 PUD=0 PMD=0 PT=0 PTE=80000000
	Loaded a process at input/proc/p0s, PID: 4 PRIO: 0
Time slot   6
Starting address: 0
print_pgtbl:
 PDG=0 P4g=0 PUD=0 PMD=0 PT=0 PTE=80000000
Time slot   7
	CPU 1: Put process  1 to run queue
	CPU 1: Dispatched process  3
Time slot   8
	CPU 0: Put process  2 to run queue
	CPU 0: Dispatched process  4
Time slot   9
liballoc:183
Starting address: 600
Time slot  10
liballoc:183
Starting address: 900
Time slot  11
libfree:213
Starting address: 600
Time slot  12
liballoc:183
Starting address: 600
Time slot  13
	CPU 1: Put process  3 to run queue
	CPU 1: Dispatched process  1
libread:406
Starting address: 20
print_pgtbl:
 PDG=0 P4g=0 PUD=0 PMD=0 PT=0 PTE=80000000
Starting address: 0
print_pgtbl:
 PDG=0 P4g=0 PUD=0 PMD=0 PT=0 PTE=80000000
Time slot  14
	CPU 0: Put process  4 to run queue
	CPU 0: Dispatched process  3
Time slot  15
libread:406
Starting address: 20
print_pgtbl:
 PDG=0 P4g=0 PUD=0 PMD=0 PT=0 PTE=80000000
Time slot  16
Time slot  17
libread:406
Starting address: 20
print_pgtbl:
 PDG=0 P4g=0 PUD=0 PMD=0 PT=0 PTE=80000000
Time slot  18
	CPU 0: Processed  3 has finished
	CPU 0: Dispatched process  4
libread:406
Starting address: 620
print_pgtbl:
 PDG=0 P4g=0 PUD=0 PMD=0 PT=0 PTE=80000001
Time slot  19
	CPU 1: Put process  1 to run queue
	CPU 1: Dispatched process  1
libfree:213
Starting address: 900
Time slot  20
libread:406
Starting address: 20
print_pgtbl:
 PDG=0 P4g=0 PUD=0 PMD=0 PT=0 PTE=80000000
Time slot  21
	CPU 1: Processed  1 has finished
	CPU 1: Dispatched process  2
Time slot  22
libread:406
Starting address: 20
print_pgtbl:
 PDG=0 P4g=0 PUD=0 PMD=0 PT=0 PTE=80000000
Time slot  23
Time slot  24
	CPU 0: Put process  4 to run queue
	CPU 0: Dispatched process  4
Time slot  25
	CPU 1: Processed  2 has finished
	CPU 1 stopped
Time slot  26
	CPU 0: Processed  4 has finished
	CPU 0 stopped
