Time slot   0
ld_routine
	Loaded a process at input/proc/p0s, PID: 1 PRIO: 130
Time slot   1
	CPU 1: Dispatched process  1
Time slot   2
liballoc:183
Starting address: 0
print_pgtbl:
 PDG=0 P4g=0 PUD=0 PMD=0 PT=0 PTE=80000000
	Loaded a process at input/proc/m0s, PID: 2 PRIO: 120
	CPU 3: Dispatched process  2
Time slot   3
liballoc:183
Starting address: 300
	CPU 1: Put process  1 to run queue
	CPU 1: Dispatched process  1
liballoc:183
Starting address: 600
	Loaded a process at input/proc/s3, PID: 3 PRIO: 39
libfree:213
Starting address: 300
liballoc:183
Starting address: 300
Time slot   4
	CPU 2: Dispatched process  3
	CPU 3: Put process  2 to run queue
	CPU 3: Dispatched process  2
Time slot   5
	CPU 1: Put process  1 to run queue
	CPU 1: Dispatched process  1
liballoc:183
Starting address: 400
	Loaded a process at input/proc/s0, PID: 4 PRIO: 38
liballoc:183
Starting address: 500
Time slot   6
	CPU 2: Put process  3 to run queue
	CPU 2: Dispatched process  4
	CPU 0: Dispatched process  3
Starting address: 0
print_pgtbl:
 PDG=0 P4g=0 PUD=0 PMD=0 PT=0 PTE=80000000
	CPU 1: Put process  1 to run queue
	CPU 3: Put process  2 to run queue
	CPU 1: Dispatched process  1
libread:406
	CPU 3: Dispatched process  2
Starting address: 420
Starting address: 0
print_pgtbl:
 PDG=0 P4g=0 PUD=0 PMD=0 PT=0 PTE=80000000
print_pgtbl:
 PDG=0 P4g=0 PUD=0 PMD=0 PT=0 PTE=80000001
Time slot   7
Time slot   8
	CPU 2: Put process  4 to run queue
	CPU 0: Put process  3 to run queue
Starting address: 0
print_pgtbl:
 PDG=0 P4g=0 PUD=0 PMD=0 PT=0 PTE=80000000
	CPU 0: Dispatched process  3
	CPU 2: Dispatched process  4
	Loaded a process at input/proc/m1s, PID: 5 PRIO: 15
	CPU 3: Processed  2 has finished
	CPU 3: Dispatched process  5
liballoc:183
Starting address: 900
	CPU 1: Put process  1 to run queue
Time slot   9
	CPU 1: Dispatched process  1
libread:406
Starting address: 20
print_pgtbl:
 PDG=0 P4g=0 PUD=0 PMD=0 PT=0 PTE=80000000
liballoc:183
Starting address: 1200
	CPU 2: Put process  4 to run queue
	CPU 2: Dispatched process  4
Time slot  10
	CPU 0: Put process  3 to run queue
	CPU 0: Dispatched process  3
	Loaded a process at input/proc/p1s, PID: 6 PRIO: 15
	CPU 3: Put process  5 to run queue
	CPU 3: Dispatched process  6
Time slot  11
	CPU 1: Put process  1 to run queue
	CPU 1: Dispatched process  5
libfree:213
Starting address: 900
Time slot  12
	CPU 2: Put process  4 to run queue
	CPU 2: Dispatched process  4
liballoc:183
Starting address: 900
	CPU 0: Put process  3 to run queue
	CPU 0: Dispatched process  3
	Loaded a process at input/proc/s2, PID: 7 PRIO: 120
	CPU 3: Put process  6 to run queue
	CPU 3: Dispatched process  6
Time slot  13
	CPU 1: Put process  5 to run queue
	CPU 1: Dispatched process  5
libfree:213
Starting address: 900
	CPU 2: Put process  4 to run queue
	CPU 2: Dispatched process  4
Time slot  14
libfree:213
Starting address: 1200
	CPU 0: Put process  3 to run queue
	CPU 0: Dispatched process  3
Time slot  15
	CPU 3: Put process  6 to run queue
	CPU 3: Dispatched process  6
	CPU 0: Processed  3 has finished
	CPU 1: Processed  5 has finished
	CPU 0: Dispatched process  7
	CPU 1: Dispatched process  1
libread:406
Starting address: 20
print_pgtbl:
 PDG=0 P4g=0 PUD=0 PMD=0 PT=0 PTE=80000000
	Loaded a process at input/proc/s1, PID: 8 PRIO: 0
	CPU 2: Put process  4 to run queue
Time slot  16
	CPU 2: Dispatched process  8
	CPU 3: Put process  6 to run queue
Time slot  17
	CPU 3: Dispatched process  6
	CPU 1: Put process  1 to run queue
	CPU 1: Dispatched process  4
	CPU 0: Put process  7 to run queue
	CPU 0: Dispatched process  7
Time slot  18
	CPU 2: Put process  8 to run queue
	CPU 2: Dispatched process  8
	CPU 3: Put process  6 to run queue
	CPU 3: Dispatched process  6
Time slot  19
	CPU 0: Put process  7 to run queue
	CPU 1: Put process  4 to run queue
	CPU 0: Dispatched process  7
	CPU 1: Dispatched process  4
	CPU 2: Put process  8 to run queue
	CPU 2: Dispatched process  8
Time slot  20
	CPU 3: Processed  6 has finished
	CPU 3: Dispatched process  1
libfree:213
Starting address: 600
print_pgtbl:
 PDG=0 P4g=0 PUD=0 PMD=0 PT=0 PTE=80000002
	CPU 1: Put process  4 to run queue
	CPU 1: Dispatched process  4
Time slot  21
	CPU 0: Put process  7 to run queue
	CPU 0: Dispatched process  7
Time slot  22
	CPU 2: Put process  8 to run queue
	CPU 2: Dispatched process  8
	CPU 1: Processed  4 has finished
	CPU 1 stopped
	CPU 3: Processed  1 has finished
Time slot  23
	CPU 2: Processed  8 has finished
	CPU 3 stopped
	CPU 2 stopped
	CPU 0: Put process  7 to run queue
	CPU 0: Dispatched process  7
Time slot  24
Time slot  25
	CPU 0: Put process  7 to run queue
	CPU 0: Dispatched process  7
Time slot  26
Time slot  27
	CPU 0: Processed  7 has finished
	CPU 0 stopped
